{
  "明細": [
    {"項目": "材料費", "数量": 10, "単価": 500, "金額": 5000},
    {"項目": "加工費", "数量": 2, "単価": 3000, "金額": 6000}
  ],
  "小計": 11000,
  "消費税": 1100,
  "合計": 12100
}
